28-Sep-2026 03:50:32.179 INFO [main] org.apache.catalina.startup.VersionLoggerListener.log Server version name:   Apache Tomcat/10.1.59
28-Sep-2026 03:50:32.183 INFO [main] org.apache.catalina.startup.VersionLoggerListener.log Server built:          Aug 13 2026 16:59:10 UTC
28-Sep-2026 03:50:32.183 INFO [main] org.apache.catalina.startup.VersionLoggerListener.log Server version number: 10.1.59.0
28-Sep-2026 03:50:32.183 INFO [main] org.apache.catalina.startup.VersionLoggerListener.log OS Name:               Windows 11
28-Sep-2026 03:50:32.184 INFO [main] org.apache.catalina.startup.VersionLoggerListener.log OS Version:            10.0
28-Sep-2026 03:50:32.184 INFO [main] org.apache.catalina.startup.VersionLoggerListener.log Architecture:          amd64
28-Sep-2026 03:50:32.185 INFO [main] org.apache.catalina.startup.VersionLoggerListener.log Java Home:             C:\Program Files\Java\jdk-21.0.11
28-Sep-2026 03:50:32.185 INFO [main] org.apache.catalina.startup.VersionLoggerListener.log JVM Version:           21.0.11+9-LTS-211
28-Sep-2026 03:50:32.185 INFO [main] org.apache.catalina.startup.VersionLoggerListener.log JVM Vendor:            Oracle Corporation
28-Sep-2026 03:50:32.185 INFO [main] org.apache.catalina.startup.VersionLoggerListener.log CATALINA_BASE:         C:\Users\Omar\Downloads\springmvc-plumbing-demo\SpringMVCDay2Remake-ApiStudy\src\main
28-Sep-2026 03:50:32.185 INFO [main] org.apache.catalina.startup.VersionLoggerListener.log CATALINA_HOME:         C:\Tools\TomCat\apache-tomcat-10.1.59
28-Sep-2026 03:50:32.198 INFO [main] org.apache.catalina.startup.VersionLoggerListener.log Command line argument: --add-opens=java.base/java.lang=ALL-UNNAMED
28-Sep-2026 03:50:32.199 INFO [main] org.apache.catalina.startup.VersionLoggerListener.log Command line argument: --add-opens=java.base/java.io=ALL-UNNAMED
28-Sep-2026 03:50:32.199 INFO [main] org.apache.catalina.startup.VersionLoggerListener.log Command line argument: --add-opens=java.base/java.util=ALL-UNNAMED
28-Sep-2026 03:50:32.199 INFO [main] org.apache.catalina.startup.VersionLoggerListener.log Command line argument: --add-opens=java.base/java.util.concurrent=ALL-UNNAMED
28-Sep-2026 03:50:32.199 INFO [main] org.apache.catalina.startup.VersionLoggerListener.log Command line argument: --add-opens=java.rmi/sun.rmi.transport=ALL-UNNAMED
28-Sep-2026 03:50:32.199 INFO [main] org.apache.catalina.startup.VersionLoggerListener.log Command line argument: -Dcatalina.home=C:\Tools\TomCat\apache-tomcat-10.1.59
28-Sep-2026 03:50:32.199 INFO [main] org.apache.catalina.startup.VersionLoggerListener.log Command line argument: -Dcatalina.base=C:\Users\Omar\Downloads\springmvc-plumbing-demo\SpringMVCDay2Remake-ApiStudy\src\main
28-Sep-2026 03:50:32.199 INFO [main] org.apache.catalina.startup.VersionLoggerListener.log Command line argument: -Djava.io.tmpdir=C:\Users\Omar\Downloads\springmvc-plumbing-demo\SpringMVCDay2Remake-ApiStudy\src\main\temp
28-Sep-2026 03:50:32.199 INFO [main] org.apache.catalina.startup.VersionLoggerListener.log Command line argument: -Djava.util.logging.config.file=C:\Users\Omar\Downloads\springmvc-plumbing-demo\SpringMVCDay2Remake-ApiStudy\src\main\conf\logging.properties
28-Sep-2026 03:50:32.200 INFO [main] org.apache.catalina.startup.VersionLoggerListener.log Command line argument: -Djava.util.logging.manager=org.apache.juli.ClassLoaderLogManager
28-Sep-2026 03:50:32.200 INFO [main] org.apache.catalina.startup.VersionLoggerListener.log Command line argument: -javaagent:C:\Program Files\JetBrains\IntelliJ IDEA 2026.2.1\lib\idea_rt.jar=62073
28-Sep-2026 03:50:32.200 INFO [main] org.apache.catalina.startup.VersionLoggerListener.log Command line argument: -Dfile.encoding=UTF-8
28-Sep-2026 03:50:32.200 INFO [main] org.apache.catalina.startup.VersionLoggerListener.log Command line argument: -Dsun.stdout.encoding=UTF-8
28-Sep-2026 03:50:32.200 INFO [main] org.apache.catalina.startup.VersionLoggerListener.log Command line argument: -Dsun.stderr.encoding=UTF-8
28-Sep-2026 03:50:32.208 INFO [main] org.apache.catalina.core.AprLifecycleListener.lifecycleEvent Loaded Apache Tomcat Native library [2.0.15] using APR version [1.7.6].
28-Sep-2026 03:50:32.229 INFO [main] org.apache.catalina.core.AprLifecycleListener.initializeSSL OpenSSL successfully initialized [OpenSSL 3.5.7 9 Jun 2026]
28-Sep-2026 03:50:32.596 INFO [main] org.apache.coyote.AbstractProtocol.init Initializing ProtocolHandler ["http-nio-8083"]
28-Sep-2026 03:50:32.616 INFO [main] org.apache.catalina.startup.Catalina.load Server initialization in [733] milliseconds
28-Sep-2026 03:50:32.685 INFO [main] org.apache.catalina.core.StandardService.startInternal Starting service [Catalina]
28-Sep-2026 03:50:32.686 INFO [main] org.apache.catalina.core.StandardEngine.startInternal Starting Servlet engine: [Apache Tomcat/10.1.59]
28-Sep-2026 03:50:32.697 INFO [main] org.apache.catalina.startup.HostConfig.deployDescriptor Deploying deployment descriptor [C:\Users\Omar\Downloads\springmvc-plumbing-demo\SpringMVCDay2Remake-ApiStudy\src\main\conf\Catalina\localhost\SpringMVCDay2Remake-ApiStudy.xml]
28-Sep-2026 03:50:34.573 INFO [main] org.apache.jasper.servlet.TldScanner.scanJars At least one JAR was scanned for TLDs yet contained no TLDs. Enable debug logging for this logger for a complete list of JARs that were scanned but no TLDs were found in them. Skipping unneeded JARs during scanning can improve startup time and JSP compilation time.
28-Sep-2026 03:50:36.706 INFO [main] org.apache.catalina.startup.HostConfig.deployDescriptor Deployment of deployment descriptor [C:\Users\Omar\Downloads\springmvc-plumbing-demo\SpringMVCDay2Remake-ApiStudy\src\main\conf\Catalina\localhost\SpringMVCDay2Remake-ApiStudy.xml] has finished in [4,009] ms
28-Sep-2026 03:50:36.711 INFO [main] org.apache.coyote.AbstractProtocol.start Starting ProtocolHandler ["http-nio-8083"]
28-Sep-2026 03:50:36.740 INFO [main] org.apache.catalina.startup.Catalina.start Server startup in [4122] milliseconds
28-Sep-2026 03:50:36.751 SEVERE [main] org.apache.catalina.core.StandardServer.await Failed to create server shutdown socket on address [localhost] and port [8005] (base port [8005] and offset [0])
	java.net.BindException: Address already in use: bind
		at java.base/sun.nio.ch.Net.bind0(Native Method)
		at java.base/sun.nio.ch.Net.bind(Net.java:573)
		at java.base/sun.nio.ch.Net.bind(Net.java:562)
		at java.base/sun.nio.ch.NioSocketImpl.bind(NioSocketImpl.java:636)
		at java.base/java.net.ServerSocket.bind(ServerSocket.java:391)
		at java.base/java.net.ServerSocket.<init>(ServerSocket.java:278)
		at org.apache.catalina.core.StandardServer.await(StandardServer.java:536)
		at org.apache.catalina.startup.Catalina.await(Catalina.java:975)
		at org.apache.catalina.startup.Catalina.start(Catalina.java:923)
		at java.base/jdk.internal.reflect.DirectMethodHandleAccessor.invoke(DirectMethodHandleAccessor.java:103)
		at java.base/java.lang.reflect.Method.invoke(Method.java:580)
		at org.apache.catalina.startup.Bootstrap.start(Bootstrap.java:348)
		at org.apache.catalina.startup.Bootstrap.main(Bootstrap.java:485)
28-Sep-2026 03:50:36.753 INFO [main] org.apache.coyote.AbstractProtocol.pause Pausing ProtocolHandler ["http-nio-8083"]
28-Sep-2026 03:50:36.761 INFO [main] org.apache.catalina.core.StandardService.stopInternal Stopping service [Catalina]
28-Sep-2026 03:50:36.787 INFO [main] org.apache.coyote.AbstractProtocol.stop Stopping ProtocolHandler ["http-nio-8083"]
28-Sep-2026 03:50:36.794 INFO [main] org.apache.coyote.AbstractProtocol.destroy Destroying ProtocolHandler ["http-nio-8083"]
28-Sep-2026 03:51:20.285 INFO [main] org.apache.catalina.startup.VersionLoggerListener.log Server version name:   Apache Tomcat/10.1.59
28-Sep-2026 03:51:20.290 INFO [main] org.apache.catalina.startup.VersionLoggerListener.log Server built:          Aug 13 2026 16:59:10 UTC
28-Sep-2026 03:51:20.291 INFO [main] org.apache.catalina.startup.VersionLoggerListener.log Server version number: 10.1.59.0
28-Sep-2026 03:51:20.291 INFO [main] org.apache.catalina.startup.VersionLoggerListener.log OS Name:               Windows 11
28-Sep-2026 03:51:20.291 INFO [main] org.apache.catalina.startup.VersionLoggerListener.log OS Version:            10.0
28-Sep-2026 03:51:20.291 INFO [main] org.apache.catalina.startup.VersionLoggerListener.log Architecture:          amd64
28-Sep-2026 03:51:20.291 INFO [main] org.apache.catalina.startup.VersionLoggerListener.log Java Home:             C:\Program Files\Java\jdk-21.0.11
28-Sep-2026 03:51:20.291 INFO [main] org.apache.catalina.startup.VersionLoggerListener.log JVM Version:           21.0.11+9-LTS-211
28-Sep-2026 03:51:20.292 INFO [main] org.apache.catalina.startup.VersionLoggerListener.log JVM Vendor:            Oracle Corporation
28-Sep-2026 03:51:20.292 INFO [main] org.apache.catalina.startup.VersionLoggerListener.log CATALINA_BASE:         C:\Users\Omar\Downloads\springmvc-plumbing-demo\SpringMVCDay2Remake-ApiStudy\src\main
28-Sep-2026 03:51:20.292 INFO [main] org.apache.catalina.startup.VersionLoggerListener.log CATALINA_HOME:         C:\Tools\TomCat\apache-tomcat-10.1.59
28-Sep-2026 03:51:20.299 INFO [main] org.apache.catalina.startup.VersionLoggerListener.log Command line argument: --add-opens=java.base/java.lang=ALL-UNNAMED
28-Sep-2026 03:51:20.299 INFO [main] org.apache.catalina.startup.VersionLoggerListener.log Command line argument: --add-opens=java.base/java.io=ALL-UNNAMED
28-Sep-2026 03:51:20.299 INFO [main] org.apache.catalina.startup.VersionLoggerListener.log Command line argument: --add-opens=java.base/java.util=ALL-UNNAMED
28-Sep-2026 03:51:20.299 INFO [main] org.apache.catalina.startup.VersionLoggerListener.log Command line argument: --add-opens=java.base/java.util.concurrent=ALL-UNNAMED
28-Sep-2026 03:51:20.299 INFO [main] org.apache.catalina.startup.VersionLoggerListener.log Command line argument: --add-opens=java.rmi/sun.rmi.transport=ALL-UNNAMED
28-Sep-2026 03:51:20.299 INFO [main] org.apache.catalina.startup.VersionLoggerListener.log Command line argument: -Dcatalina.home=C:\Tools\TomCat\apache-tomcat-10.1.59
28-Sep-2026 03:51:20.299 INFO [main] org.apache.catalina.startup.VersionLoggerListener.log Command line argument: -Dcatalina.base=C:\Users\Omar\Downloads\springmvc-plumbing-demo\SpringMVCDay2Remake-ApiStudy\src\main
28-Sep-2026 03:51:20.299 INFO [main] org.apache.catalina.startup.VersionLoggerListener.log Command line argument: -Djava.io.tmpdir=C:\Users\Omar\Downloads\springmvc-plumbing-demo\SpringMVCDay2Remake-ApiStudy\src\main\temp
28-Sep-2026 03:51:20.299 INFO [main] org.apache.catalina.startup.VersionLoggerListener.log Command line argument: -Djava.util.logging.config.file=C:\Users\Omar\Downloads\springmvc-plumbing-demo\SpringMVCDay2Remake-ApiStudy\src\main\conf\logging.properties
28-Sep-2026 03:51:20.300 INFO [main] org.apache.catalina.startup.VersionLoggerListener.log Command line argument: -Djava.util.logging.manager=org.apache.juli.ClassLoaderLogManager
28-Sep-2026 03:51:20.300 INFO [main] org.apache.catalina.startup.VersionLoggerListener.log Command line argument: -javaagent:C:\Program Files\JetBrains\IntelliJ IDEA 2026.2.1\lib\idea_rt.jar=62080
28-Sep-2026 03:51:20.300 INFO [main] org.apache.catalina.startup.VersionLoggerListener.log Command line argument: -Dfile.encoding=UTF-8
28-Sep-2026 03:51:20.300 INFO [main] org.apache.catalina.startup.VersionLoggerListener.log Command line argument: -Dsun.stdout.encoding=UTF-8
28-Sep-2026 03:51:20.300 INFO [main] org.apache.catalina.startup.VersionLoggerListener.log Command line argument: -Dsun.stderr.encoding=UTF-8
28-Sep-2026 03:51:20.302 INFO [main] org.apache.catalina.core.AprLifecycleListener.lifecycleEvent Loaded Apache Tomcat Native library [2.0.15] using APR version [1.7.6].
28-Sep-2026 03:51:20.308 INFO [main] org.apache.catalina.core.AprLifecycleListener.initializeSSL OpenSSL successfully initialized [OpenSSL 3.5.7 9 Jun 2026]
28-Sep-2026 03:51:20.582 INFO [main] org.apache.coyote.AbstractProtocol.init Initializing ProtocolHandler ["http-nio-8085"]
28-Sep-2026 03:51:20.603 INFO [main] org.apache.catalina.startup.Catalina.load Server initialization in [480] milliseconds
28-Sep-2026 03:51:20.660 INFO [main] org.apache.catalina.core.StandardService.startInternal Starting service [Catalina]
28-Sep-2026 03:51:20.661 INFO [main] org.apache.catalina.core.StandardEngine.startInternal Starting Servlet engine: [Apache Tomcat/10.1.59]
28-Sep-2026 03:51:20.673 INFO [main] org.apache.catalina.startup.HostConfig.deployDescriptor Deploying deployment descriptor [C:\Users\Omar\Downloads\springmvc-plumbing-demo\SpringMVCDay2Remake-ApiStudy\src\main\conf\Catalina\localhost\SpringMVCDay2Remake-ApiStudy.xml]
28-Sep-2026 03:51:22.609 INFO [main] org.apache.jasper.servlet.TldScanner.scanJars At least one JAR was scanned for TLDs yet contained no TLDs. Enable debug logging for this logger for a complete list of JARs that were scanned but no TLDs were found in them. Skipping unneeded JARs during scanning can improve startup time and JSP compilation time.
28-Sep-2026 03:51:24.647 INFO [main] org.apache.catalina.startup.HostConfig.deployDescriptor Deployment of deployment descriptor [C:\Users\Omar\Downloads\springmvc-plumbing-demo\SpringMVCDay2Remake-ApiStudy\src\main\conf\Catalina\localhost\SpringMVCDay2Remake-ApiStudy.xml] has finished in [3,973] ms
28-Sep-2026 03:51:24.655 INFO [main] org.apache.coyote.AbstractProtocol.start Starting ProtocolHandler ["http-nio-8085"]
28-Sep-2026 03:51:24.683 INFO [main] org.apache.catalina.startup.Catalina.start Server startup in [4079] milliseconds
28-Sep-2026 03:53:01.753 INFO [Thread-1] org.apache.coyote.AbstractProtocol.pause Pausing ProtocolHandler ["http-nio-8085"]
28-Sep-2026 03:53:01.757 INFO [Thread-1] org.apache.catalina.core.StandardService.stopInternal Stopping service [Catalina]
28-Sep-2026 03:53:01.781 INFO [Thread-1] org.apache.coyote.AbstractProtocol.stop Stopping ProtocolHandler ["http-nio-8085"]
28-Sep-2026 03:53:01.795 INFO [Thread-1] org.apache.coyote.AbstractProtocol.destroy Destroying ProtocolHandler ["http-nio-8085"]
28-Sep-2026 03:53:55.673 INFO [main] org.apache.catalina.startup.VersionLoggerListener.log Server version name:   Apache Tomcat/10.1.59
28-Sep-2026 03:53:55.678 INFO [main] org.apache.catalina.startup.VersionLoggerListener.log Server built:          Aug 13 2026 16:59:10 UTC
28-Sep-2026 03:53:55.678 INFO [main] org.apache.catalina.startup.VersionLoggerListener.log Server version number: 10.1.59.0
28-Sep-2026 03:53:55.678 INFO [main] org.apache.catalina.startup.VersionLoggerListener.log OS Name:               Windows 11
28-Sep-2026 03:53:55.678 INFO [main] org.apache.catalina.startup.VersionLoggerListener.log OS Version:            10.0
28-Sep-2026 03:53:55.678 INFO [main] org.apache.catalina.startup.VersionLoggerListener.log Architecture:          amd64
28-Sep-2026 03:53:55.679 INFO [main] org.apache.catalina.startup.VersionLoggerListener.log Java Home:             C:\Program Files\Java\jdk-21.0.11
28-Sep-2026 03:53:55.679 INFO [main] org.apache.catalina.startup.VersionLoggerListener.log JVM Version:           21.0.11+9-LTS-211
28-Sep-2026 03:53:55.679 INFO [main] org.apache.catalina.startup.VersionLoggerListener.log JVM Vendor:            Oracle Corporation
28-Sep-2026 03:53:55.679 INFO [main] org.apache.catalina.startup.VersionLoggerListener.log CATALINA_BASE:         C:\Users\Omar\Downloads\springmvc-plumbing-demo\SpringMVCDay2Remake-ApiStudy\src\main
28-Sep-2026 03:53:55.679 INFO [main] org.apache.catalina.startup.VersionLoggerListener.log CATALINA_HOME:         C:\Tools\TomCat\apache-tomcat-10.1.59
28-Sep-2026 03:53:55.689 INFO [main] org.apache.catalina.startup.VersionLoggerListener.log Command line argument: --add-opens=java.base/java.lang=ALL-UNNAMED
28-Sep-2026 03:53:55.690 INFO [main] org.apache.catalina.startup.VersionLoggerListener.log Command line argument: --add-opens=java.base/java.io=ALL-UNNAMED
28-Sep-2026 03:53:55.690 INFO [main] org.apache.catalina.startup.VersionLoggerListener.log Command line argument: --add-opens=java.base/java.util=ALL-UNNAMED
28-Sep-2026 03:53:55.690 INFO [main] org.apache.catalina.startup.VersionLoggerListener.log Command line argument: --add-opens=java.base/java.util.concurrent=ALL-UNNAMED
28-Sep-2026 03:53:55.690 INFO [main] org.apache.catalina.startup.VersionLoggerListener.log Command line argument: --add-opens=java.rmi/sun.rmi.transport=ALL-UNNAMED
28-Sep-2026 03:53:55.690 INFO [main] org.apache.catalina.startup.VersionLoggerListener.log Command line argument: -Dcatalina.home=C:\Tools\TomCat\apache-tomcat-10.1.59
28-Sep-2026 03:53:55.690 INFO [main] org.apache.catalina.startup.VersionLoggerListener.log Command line argument: -Dcatalina.base=C:\Users\Omar\Downloads\springmvc-plumbing-demo\SpringMVCDay2Remake-ApiStudy\src\main
28-Sep-2026 03:53:55.690 INFO [main] org.apache.catalina.startup.VersionLoggerListener.log Command line argument: -Djava.io.tmpdir=C:\Users\Omar\Downloads\springmvc-plumbing-demo\SpringMVCDay2Remake-ApiStudy\src\main\temp
28-Sep-2026 03:53:55.691 INFO [main] org.apache.catalina.startup.VersionLoggerListener.log Command line argument: -Djava.util.logging.config.file=C:\Users\Omar\Downloads\springmvc-plumbing-demo\SpringMVCDay2Remake-ApiStudy\src\main\conf\logging.properties
28-Sep-2026 03:53:55.691 INFO [main] org.apache.catalina.startup.VersionLoggerListener.log Command line argument: -Djava.util.logging.manager=org.apache.juli.ClassLoaderLogManager
28-Sep-2026 03:53:55.691 INFO [main] org.apache.catalina.startup.VersionLoggerListener.log Command line argument: -javaagent:C:\Program Files\JetBrains\IntelliJ IDEA 2026.2.1\lib\idea_rt.jar=63293
28-Sep-2026 03:53:55.691 INFO [main] org.apache.catalina.startup.VersionLoggerListener.log Command line argument: -Dfile.encoding=UTF-8
28-Sep-2026 03:53:55.691 INFO [main] org.apache.catalina.startup.VersionLoggerListener.log Command line argument: -Dsun.stdout.encoding=UTF-8
28-Sep-2026 03:53:55.691 INFO [main] org.apache.catalina.startup.VersionLoggerListener.log Command line argument: -Dsun.stderr.encoding=UTF-8
28-Sep-2026 03:53:55.693 INFO [main] org.apache.catalina.core.AprLifecycleListener.lifecycleEvent Loaded Apache Tomcat Native library [2.0.15] using APR version [1.7.6].
28-Sep-2026 03:53:55.699 INFO [main] org.apache.catalina.core.AprLifecycleListener.initializeSSL OpenSSL successfully initialized [OpenSSL 3.5.7 9 Jun 2026]
28-Sep-2026 03:53:56.017 INFO [main] org.apache.coyote.AbstractProtocol.init Initializing ProtocolHandler ["http-nio-8085"]
28-Sep-2026 03:53:56.037 INFO [main] org.apache.catalina.startup.Catalina.load Server initialization in [540] milliseconds
28-Sep-2026 03:53:56.086 INFO [main] org.apache.catalina.core.StandardService.startInternal Starting service [Catalina]
28-Sep-2026 03:53:56.086 INFO [main] org.apache.catalina.core.StandardEngine.startInternal Starting Servlet engine: [Apache Tomcat/10.1.59]
28-Sep-2026 03:53:56.096 INFO [main] org.apache.catalina.startup.HostConfig.deployDescriptor Deploying deployment descriptor [C:\Users\Omar\Downloads\springmvc-plumbing-demo\SpringMVCDay2Remake-ApiStudy\src\main\conf\Catalina\localhost\SpringMVCDay2Remake-ApiStudy.xml]
28-Sep-2026 03:53:57.973 INFO [main] org.apache.jasper.servlet.TldScanner.scanJars At least one JAR was scanned for TLDs yet contained no TLDs. Enable debug logging for this logger for a complete list of JARs that were scanned but no TLDs were found in them. Skipping unneeded JARs during scanning can improve startup time and JSP compilation time.
28-Sep-2026 03:54:00.139 INFO [main] org.apache.catalina.startup.HostConfig.deployDescriptor Deployment of deployment descriptor [C:\Users\Omar\Downloads\springmvc-plumbing-demo\SpringMVCDay2Remake-ApiStudy\src\main\conf\Catalina\localhost\SpringMVCDay2Remake-ApiStudy.xml] has finished in [4,043] ms
28-Sep-2026 03:54:00.143 INFO [main] org.apache.coyote.AbstractProtocol.start Starting ProtocolHandler ["http-nio-8085"]
28-Sep-2026 03:54:00.182 INFO [main] org.apache.catalina.startup.Catalina.start Server startup in [4143] milliseconds
28-Sep-2026 03:55:21.374 INFO [Thread-1] org.apache.coyote.AbstractProtocol.pause Pausing ProtocolHandler ["http-nio-8085"]
28-Sep-2026 03:55:21.379 INFO [Thread-1] org.apache.catalina.core.StandardService.stopInternal Stopping service [Catalina]
28-Sep-2026 03:55:21.405 INFO [Thread-1] org.apache.coyote.AbstractProtocol.stop Stopping ProtocolHandler ["http-nio-8085"]
28-Sep-2026 03:55:21.412 INFO [Thread-1] org.apache.coyote.AbstractProtocol.destroy Destroying ProtocolHandler ["http-nio-8085"]
